// Jest Snapshot v1, https://goo.gl/fbAQLP

exports[`Master Layout should render the master layout structure 1`] = `
<Styled(Flex)>
  <Styled(Flex)>
    <PageHeader />
    <Styled(Flex)
      column={true}
      flex="1 0 auto"
    >
      <styled.main>
        Test Child
      </styled.main>
    </Styled(Flex)>
    <Component />
  </Styled(Flex)>
</Styled(Flex)>
`;
