// Jest Snapshot v1, https://goo.gl/fbAQLP

exports[`Routes should render routes 1`] = `
<BrowserRouter
  basename="/"
>
  <Switch>
    <Route
      component={[Function]}
      exact={true}
      path="/"
    />
    <Route
      component={[Function]}
      exact={true}
      path="/userhome"
    />
    <Redirect
      from="/callback"
      push={false}
      to="/"
    />
    <Route
      component={[Function]}
    />
  </Switch>
</BrowserRouter>
`;
